// Jest Snapshot v1, https://goo.gl/fbAQLP

exports[`header should render correctly 1`] = `
ShallowWrapper {
  Symbol(enzyme.__root__): [Circular],
  Symbol(enzyme.__unrendered__): <header
    className="header-container"
  />,
  Symbol(enzyme.__renderer__): Object {
    "batchedUpdates": [Function],
    "getNode": [Function],
    "render": [Function],
    "simulateEvent": [Function],
    "unmount": [Function],
  },
  Symbol(enzyme.__node__): Object {
    "instance": null,
    "key": undefined,
    "nodeType": "host",
    "props": Object {
      "className": "header-container",
    },
    "ref": null,
    "rendered": null,
    "type": "header",
  },
  Symbol(enzyme.__nodes__): Array [
    Object {
      "instance": null,
      "key": undefined,
      "nodeType": "host",
      "props": Object {
        "className": "header-container",
      },
      "ref": null,
      "rendered": null,
      "type": "header",
    },
  ],
  Symbol(enzyme.__options__): Object {
    "adapter": ReactFifteenAdapter {
      "options": Object {
        "lifecycles": Object {
          "componentDidUpdate": Object {
            "prevContext": true,
          },
        },
        "supportPrevContextArgumentOfComponentDidUpdate": true,
      },
    },
  },
}
`;

exports[`header should render correctly 2`] = `
ShallowWrapper {
  Symbol(enzyme.__root__): [Circular],
  Symbol(enzyme.__unrendered__): <header
    className="header-container"
  />,
  Symbol(enzyme.__renderer__): Object {
    "batchedUpdates": [Function],
    "getNode": [Function],
    "render": [Function],
    "simulateEvent": [Function],
    "unmount": [Function],
  },
  Symbol(enzyme.__node__): Object {
    "instance": null,
    "key": undefined,
    "nodeType": "host",
    "props": Object {
      "className": "header-container",
    },
    "ref": null,
    "rendered": null,
    "type": "header",
  },
  Symbol(enzyme.__nodes__): Array [
    Object {
      "instance": null,
      "key": undefined,
      "nodeType": "host",
      "props": Object {
        "className": "header-container",
      },
      "ref": null,
      "rendered": null,
      "type": "header",
    },
  ],
  Symbol(enzyme.__options__): Object {
    "adapter": ReactFifteenAdapter {
      "options": Object {
        "lifecycles": Object {
          "componentDidUpdate": Object {
            "prevContext": true,
          },
        },
        "supportPrevContextArgumentOfComponentDidUpdate": true,
      },
    },
  },
}
`;
